---
source: libsql-server/tests/hrana/batch.rs
expression: json
---
{
  "result": {
    "step_results": [
      {
        "cols": [],
        "rows": [],
        "affected_row_count": 0,
        "last_insert_rowid": null,
        "replication_index": null,
        "rows_read": 1,
        "rows_written": 2
      }
    ],
    "step_errors": [
      null
    ],
    "replication_index": "1"
  }
}
