---
source: libsql-wal/src/storage/compaction/strategy/tiered.rs
expression: partition.first().unwrap()
---
SegmentSet {
    namespace: test,
    segments: [
        SegmentKey {
            start_frame_no: 101,
            end_frame_no: 105,
            timestamp: 1970-01-01T00:00:00Z,
        },
        SegmentKey {
            start_frame_no: 106,
            end_frame_no: 110,
            timestamp: 1970-01-01T00:00:00Z,
        },
        SegmentKey {
            start_frame_no: 111,
            end_frame_no: 115,
            timestamp: 1970-01-01T00:00:00Z,
        },
        SegmentKey {
            start_frame_no: 116,
            end_frame_no: 120,
            timestamp: 1970-01-01T00:00:00Z,
        },
        SegmentKey {
            start_frame_no: 121,
            end_frame_no: 122,
            timestamp: 1970-01-01T00:00:00Z,
        },
    ],
}
