---
source: libsql-server/tests/namespaces/shared_schema.rs
expression: "conn.execute_batch(\"ATTACH ns as attached; create table test (c)\").await.unwrap_err()"
---
Hrana(
    StreamError(
        Error {
            message: "Schema migration error: Error executing migration: ATTACH is not permitted in migration scripts",
            code: "SCHEMA_MIGRATION_ERROR",
        },
    ),
)
